// Jest Snapshot v1, https://goo.gl/fbAQLP

exports[`"create" works: filesList 1`] = `
Array [
  Dirent {
    "name": "build",
    Symbol(type): 2,
  },
  Dirent {
    "name": "functions",
    Symbol(type): 2,
  },
  Dirent {
    "name": "index.ts",
    Symbol(type): 1,
  },
  Dirent {
    "name": "native",
    Symbol(type): 2,
  },
  Dirent {
    "name": "tsconfig.json",
    Symbol(type): 1,
  },
]
`;

exports[`"create" works: finalBuild 1`] = `
Object {
  "data": Array [
    10,
    32,
    32,
    32,
    32,
    47,
    47,
    61,
    61,
    61,
    61,
    61,
    61,
    61,
    61,
    61,
    61,
    61,
    61,
    61,
    61,
    61,
    61,
    61,
    61,
    61,
    61,
    61,
    61,
    61,
    61,
    61,
    61,
    61,
    61,
    61,
    61,
    61,
    61,
    61,
    61,
    61,
    61,
    61,
    61,
    61,
    61,
    61,
    61,
    61,
    61,
    61,
    61,
    61,
    61,
    61,
    61,
    61,
    61,
    61,
    61,
    61,
    10,
    32,
    32,
    32,
    32,
    110,
    97,
    116,
    105,
    118,
    101,
    70,
    117,
    110,
    99,
    116,
    105,
    111,
    110,
    115,
    32,
    10,
    32,
    10,
    10,
    32,
    32,
    32,
    32,
    47,
    47,
    61,
    61,
    61,
    61,
    61,
    61,
    61,
    61,
    61,
    61,
    61,
    61,
    61,
    61,
    61,
    61,
    61,
    61,
    61,
    61,
    61,
    61,
    61,
    61,
    61,
    61,
    61,
    61,
    61,
    61,
    61,
    61,
    61,
    61,
    61,
    61,
    61,
    61,
    61,
    61,
    61,
    61,
    61,
    61,
    61,
    61,
    61,
    61,
    61,
    61,
    61,
    61,
    61,
    61,
    61,
    10,
    32,
    32,
    32,
    32,
    32,
    32,
    32,
    32,
    34,
    117,
    115,
    101,
    32,
    115,
    116,
    114,
    105,
    99,
    116,
    34,
    59,
    10,
    32,
    32,
    32,
    32,
    79,
    98,
    106,
    101,
    99,
    116,
    46,
    100,
    101,
    102,
    105,
    110,
    101,
    80,
    114,
    111,
    112,
    101,
    114,
    116,
    121,
    40,
    101,
    120,
    112,
    111,
    114,
    116,
    115,
    44,
    32,
    34,
    95,
    95,
    101,
    115,
    77,
    111,
    100,
    117,
    108,
    101,
    34,
    44,
    32,
    123,
    32,
    118,
    97,
    108,
    117,
    101,
    58,
    32,
    116,
    114,
    117,
    101,
    32,
    125,
    41,
    59,
    10,
    32,
    32,
    32,
    32,
    101,
    120,
    112,
    111,
    114,
    116,
    115,
    46,
    99,
    114,
    101,
    97,
    116,
    101,
    95,
    116,
    111,
    100,
    111,
    32,
    61,
    32,
    118,
    111,
    105,
    100,
    32,
    48,
    59,
    10,
    32,
    32,
    32,
    32,
    102,
    117,
    110,
    99,
    116,
    105,
    111,
    110,
    32,
    99,
    114,
    101,
    97,
    116,
    101,
    95,
    116,
    111,
    100,
    111,
    40,
    105,
    100,
    41,
    32,
    123,
    10,
    32,
    32,
    32,
    32,
    32,
    32,
    32,
    32,
    114,
    101,
    116,
    117,
    114,
    110,
    32,
    116,
    114,
    117,
    101,
    59,
    10,
    32,
    32,
    32,
    32,
    125,
    10,
    32,
    32,
    32,
    32,
    101,
    120,
    112,
    111,
    114,
    116,
    115,
    46,
    99,
    114,
    101,
    97,
    116,
    101,
    95,
    116,
    111,
    100,
    111,
    32,
    61,
    32,
    99,
    114,
    101,
    97,
    116,
    101,
    95,
    116,
    111,
    100,
    111,
    59,
    32,
    32,
    32,
    32,
    34,
    117,
    115,
    101,
    32,
    115,
    116,
    114,
    105,
    99,
    116,
    34,
    59,
    10,
    32,
    32,
    32,
    32,
    79,
    98,
    106,
    101,
    99,
    116,
    46,
    100,
    101,
    102,
    105,
    110,
    101,
    80,
    114,
    111,
    112,
    101,
    114,
    116,
    121,
    40,
    101,
    120,
    112,
    111,
    114,
    116,
    115,
    44,
    32,
    34,
    95,
    95,
    101,
    115,
    77,
    111,
    100,
    117,
    108,
    101,
    34,
    44,
    32,
    123,
    32,
    118,
    97,
    108,
    117,
    101,
    58,
    32,
    116,
    114,
    117,
    101,
    32,
    125,
    41,
    59,
    10,
    32,
    32,
    32,
    32,
    95,
    95,
    101,
    120,
    112,
    111,
    114,
    116,
    83,
    116,
    97,
    114,
    40,
    99,
    114,
    101,
    97,
    116,
    101,
    95,
    116,
    111,
    100,
    111,
    95,
    49,
    44,
    32,
    101,
    120,
    112,
    111,
    114,
    116,
    115,
    41,
    59,
    32,
    32,
    32,
    32,
    34,
    117,
    115,
    101,
    32,
    115,
    116,
    114,
    105,
    99,
    116,
    34,
    59,
    10,
    32,
    32,
    32,
    32,
    79,
    98,
    106,
    101,
    99,
    116,
    46,
    100,
    101,
    102,
    105,
    110,
    101,
    80,
    114,
    111,
    112,
    101,
    114,
    116,
    121,
    40,
    101,
    120,
    112,
    111,
    114,
    116,
    115,
    44,
    32,
    34,
    95,
    95,
    101,
    115,
    77,
    111,
    100,
    117,
    108,
    101,
    34,
    44,
    32,
    123,
    32,
    118,
    97,
    108,
    117,
    101,
    58,
    32,
    116,
    114,
    117,
    101,
    32,
    125,
    41,
    59,
    10,
    32,
    32,
    32,
    32,
    95,
    95,
    101,
    120,
    112,
    111,
    114,
    116,
    83,
    116,
    97,
    114,
    40,
    116,
    111,
    100,
    111,
    115,
    95,
    49,
    44,
    32,
    101,
    120,
    112,
    111,
    114,
    116,
    115,
    41,
    59,
    10,
    32,
    32,
    32,
    32,
    47,
    47,
    61,
    61,
    61,
    61,
    61,
    61,
    61,
    61,
    61,
    61,
    61,
    61,
    61,
    61,
    61,
    61,
    61,
    61,
    61,
    61,
    61,
    61,
    61,
    61,
    61,
    61,
    61,
    61,
    61,
    61,
    61,
    61,
    61,
    61,
    61,
    61,
    61,
    61,
    61,
    61,
    61,
    61,
    61,
    61,
    61,
    61,
    61,
    61,
    61,
    61,
    61,
    61,
    61,
    61,
    61,
    10,
    32,
    32,
    32,
    32,
    32,
    10,
    32,
    10,
  ],
  "type": "Buffer",
}
`;
